// Jest Snapshot v1, https://goo.gl/fbAQLP

exports[`renders table that is sorted ascending 1`] = `
<table>
  <thead>
    <tr>
      <th>
        Product
      </th>
      <th>
        Revenue
      </th>
    </tr>
  </thead>
  <tbody>
    <tr
      key="Alfalfa Sprouts"
    >
      <th>
        Alfalfa Sprouts
      </th>
      <th>
        41,524.62
      </th>
    </tr>
    <tr
      key="Apple"
    >
      <th>
        Apple
      </th>
      <th>
        57,722.04
      </th>
    </tr>
    <tr
      key="Apricot"
    >
      <th>
        Apricot
      </th>
      <th>
        84,645.54
      </th>
    </tr>
    <tr
      key="Artichoke"
    >
      <th>
        Artichoke
      </th>
      <th>
        11,525.15
      </th>
    </tr>
    <tr
      key="Asian Pear"
    >
      <th>
        Asian Pear
      </th>
      <th>
        37,983.33
      </th>
    </tr>
    <tr
      key="Asparagus"
    >
      <th>
        Asparagus
      </th>
      <th>
        64,750.42
      </th>
    </tr>
    <tr
      key="Atemoya"
    >
      <th>
        Atemoya
      </th>
      <th>
        35,468.28
      </th>
    </tr>
    <tr
      key="Avocado"
    >
      <th>
        Avocado
      </th>
      <th>
        32,602.50
      </th>
    </tr>
    <tr
      key="Bamboo Shoots"
    >
      <th>
        Bamboo Shoots
      </th>
      <th>
        36,267.84
      </th>
    </tr>
    <tr
      key="Banana"
    >
      <th>
        Banana
      </th>
      <th>
        32,379.08
      </th>
    </tr>
    <tr
      key="Bean Sprouts"
    >
      <th>
        Bean Sprouts
      </th>
      <th>
        47,808.00
      </th>
    </tr>
    <tr
      key="Beans"
    >
      <th>
        Beans
      </th>
      <th>
        70,890.21
      </th>
    </tr>
    <tr
      key="Beets"
    >
      <th>
        Beets
      </th>
      <th>
        65,226.60
      </th>
    </tr>
    <tr
      key="Belgian Endive"
    >
      <th>
        Belgian Endive
      </th>
      <th>
        59,032.24
      </th>
    </tr>
    <tr
      key="Bell Peppers"
    >
      <th>
        Bell Peppers
      </th>
      <th>
        63,941.76
      </th>
    </tr>
    <tr
      key="Bitter Melon"
    >
      <th>
        Bitter Melon
      </th>
      <th>
        33,749.97
      </th>
    </tr>
    <tr
      key="Blackberries"
    >
      <th>
        Blackberries
      </th>
      <th>
        88,462.83
      </th>
    </tr>
    <tr
      key="Blueberries"
    >
      <th>
        Blueberries
      </th>
      <th>
        51,798.50
      </th>
    </tr>
    <tr
      key="Bok Choy"
    >
      <th>
        Bok Choy
      </th>
      <th>
        51,385.10
      </th>
    </tr>
    <tr
      key="Boniato"
    >
      <th>
        Boniato
      </th>
      <th>
        26,734.40
      </th>
    </tr>
    <tr
      key="Boysenberries"
    >
      <th>
        Boysenberries
      </th>
      <th>
        48,457.44
      </th>
    </tr>
    <tr
      key="Broccoflower"
    >
      <th>
        Broccoflower
      </th>
      <th>
        126,635.52
      </th>
    </tr>
    <tr
      key="Broccoli"
    >
      <th>
        Broccoli
      </th>
      <th>
        54,253.10
      </th>
    </tr>
    <tr
      key="Brussels Sprouts"
    >
      <th>
        Brussels Sprouts
      </th>
      <th>
        8,306.64
      </th>
    </tr>
    <tr
      key="Cabbage"
    >
      <th>
        Cabbage
      </th>
      <th>
        42,476.40
      </th>
    </tr>
    <tr
      key="Cactus Pear"
    >
      <th>
        Cactus Pear
      </th>
      <th>
        71,154.72
      </th>
    </tr>
    <tr
      key="Cantaloupe"
    >
      <th>
        Cantaloupe
      </th>
      <th>
        58,980.24
      </th>
    </tr>
    <tr
      key="Carambola"
    >
      <th>
        Carambola
      </th>
      <th>
        39,179.87
      </th>
    </tr>
    <tr
      key="Carrots"
    >
      <th>
        Carrots
      </th>
      <th>
        89,392.56
      </th>
    </tr>
    <tr
      key="Casaba Melon"
    >
      <th>
        Casaba Melon
      </th>
      <th>
        18,325.01
      </th>
    </tr>
    <tr
      key="Cauliflower"
    >
      <th>
        Cauliflower
      </th>
      <th>
        32,697.42
      </th>
    </tr>
    <tr
      key="Celery"
    >
      <th>
        Celery
      </th>
      <th>
        28,509.42
      </th>
    </tr>
    <tr
      key="Chayote"
    >
      <th>
        Chayote
      </th>
      <th>
        76,325.60
      </th>
    </tr>
    <tr
      key="Cherimoya"
    >
      <th>
        Cherimoya
      </th>
      <th>
        53,972.49
      </th>
    </tr>
    <tr
      key="Cherries"
    >
      <th>
        Cherries
      </th>
      <th>
        25,484.46
      </th>
    </tr>
    <tr
      key="Coconuts"
    >
      <th>
        Coconuts
      </th>
      <th>
        24,410.73
      </th>
    </tr>
    <tr
      key="Collard Greens"
    >
      <th>
        Collard Greens
      </th>
      <th>
        37,568.64
      </th>
    </tr>
    <tr
      key="Corn"
    >
      <th>
        Corn
      </th>
      <th>
        28,927.92
      </th>
    </tr>
    <tr
      key="Cranberries"
    >
      <th>
        Cranberries
      </th>
      <th>
        100,430.82
      </th>
    </tr>
    <tr
      key="Cucumber"
    >
      <th>
        Cucumber
      </th>
      <th>
        43,480.14
      </th>
    </tr>
    <tr
      key="Dates"
    >
      <th>
        Dates
      </th>
      <th>
        54,296.80
      </th>
    </tr>
    <tr
      key="Dried Plums"
    >
      <th>
        Dried Plums
      </th>
      <th>
        32,348.30
      </th>
    </tr>
    <tr
      key="Eggplant"
    >
      <th>
        Eggplant
      </th>
      <th>
        31,654.80
      </th>
    </tr>
    <tr
      key="Endive"
    >
      <th>
        Endive
      </th>
      <th>
        37,549.65
      </th>
    </tr>
    <tr
      key="Escarole"
    >
      <th>
        Escarole
      </th>
      <th>
        35,612.69
      </th>
    </tr>
    <tr
      key="Feijoa"
    >
      <th>
        Feijoa
      </th>
      <th>
        36,239.50
      </th>
    </tr>
    <tr
      key="Fennel"
    >
      <th>
        Fennel
      </th>
      <th>
        38,885.46
      </th>
    </tr>
    <tr
      key="Figs"
    >
      <th>
        Figs
      </th>
      <th>
        53,711.76
      </th>
    </tr>
    <tr
      key="Garlic"
    >
      <th>
        Garlic
      </th>
      <th>
        41,452.32
      </th>
    </tr>
    <tr
      key="Gooseberries"
    >
      <th>
        Gooseberries
      </th>
      <th>
        9,694.76
      </th>
    </tr>
    <tr
      key="Grapefruit"
    >
      <th>
        Grapefruit
      </th>
      <th>
        70,787.00
      </th>
    </tr>
    <tr
      key="Grapes"
    >
      <th>
        Grapes
      </th>
      <th>
        77,157.89
      </th>
    </tr>
    <tr
      key="Green Beans"
    >
      <th>
        Green Beans
      </th>
      <th>
        28,501.22
      </th>
    </tr>
    <tr
      key="Green Onions"
    >
      <th>
        Green Onions
      </th>
      <th>
        52,701.66
      </th>
    </tr>
    <tr
      key="Greens"
    >
      <th>
        Greens
      </th>
      <th>
        41,068.50
      </th>
    </tr>
    <tr
      key="Guava"
    >
      <th>
        Guava
      </th>
      <th>
        124,774.65
      </th>
    </tr>
    <tr
      key="Hominy"
    >
      <th>
        Hominy
      </th>
      <th>
        15,318.20
      </th>
    </tr>
    <tr
      key="Honeydew Melon"
    >
      <th>
        Honeydew Melon
      </th>
      <th>
        26,285.91
      </th>
    </tr>
    <tr
      key="Horned Melon"
    >
      <th>
        Horned Melon
      </th>
      <th>
        15,363.92
      </th>
    </tr>
    <tr
      key="Iceberg Lettuce"
    >
      <th>
        Iceberg Lettuce
      </th>
      <th>
        78,537.54
      </th>
    </tr>
    <tr
      key="Jerusalem Artichoke"
    >
      <th>
        Jerusalem Artichoke
      </th>
      <th>
        76,926.36
      </th>
    </tr>
    <tr
      key="Jicama"
    >
      <th>
        Jicama
      </th>
      <th>
        38,845.80
      </th>
    </tr>
    <tr
      key="Kale"
    >
      <th>
        Kale
      </th>
      <th>
        25,959.04
      </th>
    </tr>
    <tr
      key="Kiwifruit"
    >
      <th>
        Kiwifruit
      </th>
      <th>
        122,189.00
      </th>
    </tr>
    <tr
      key="Kohlrabi"
    >
      <th>
        Kohlrabi
      </th>
      <th>
        57,571.29
      </th>
    </tr>
    <tr
      key="Kumquat"
    >
      <th>
        Kumquat
      </th>
      <th>
        29,410.32
      </th>
    </tr>
    <tr
      key="Leeks"
    >
      <th>
        Leeks
      </th>
      <th>
        27,995.50
      </th>
    </tr>
    <tr
      key="Lemons"
    >
      <th>
        Lemons
      </th>
      <th>
        60,278.43
      </th>
    </tr>
    <tr
      key="Lettuce"
    >
      <th>
        Lettuce
      </th>
      <th>
        23,091.96
      </th>
    </tr>
    <tr
      key="Lima Beans"
    >
      <th>
        Lima Beans
      </th>
      <th>
        8,688.00
      </th>
    </tr>
    <tr
      key="Limes"
    >
      <th>
        Limes
      </th>
      <th>
        49,064.40
      </th>
    </tr>
    <tr
      key="Longan"
    >
      <th>
        Longan
      </th>
      <th>
        80,014.48
      </th>
    </tr>
    <tr
      key="Loquat"
    >
      <th>
        Loquat
      </th>
      <th>
        18,406.68
      </th>
    </tr>
    <tr
      key="Lychee"
    >
      <th>
        Lychee
      </th>
      <th>
        58,305.10
      </th>
    </tr>
    <tr
      key="Madarins"
    >
      <th>
        Madarins
      </th>
      <th>
        9,442.48
      </th>
    </tr>
    <tr
      key="Malanga"
    >
      <th>
        Malanga
      </th>
      <th>
        40,423.06
      </th>
    </tr>
    <tr
      key="Mandarin Oranges"
    >
      <th>
        Mandarin Oranges
      </th>
      <th>
        47,370.80
      </th>
    </tr>
    <tr
      key="Mangos"
    >
      <th>
        Mangos
      </th>
      <th>
        35,719.04
      </th>
    </tr>
    <tr
      key="Mulberries"
    >
      <th>
        Mulberries
      </th>
      <th>
        35,362.44
      </th>
    </tr>
    <tr
      key="Mushrooms"
    >
      <th>
        Mushrooms
      </th>
      <th>
        50,932.88
      </th>
    </tr>
    <tr
      key="Napa"
    >
      <th>
        Napa
      </th>
      <th>
        44,485.40
      </th>
    </tr>
    <tr
      key="Nectarines"
    >
      <th>
        Nectarines
      </th>
      <th>
        110,859.20
      </th>
    </tr>
    <tr
      key="Okra"
    >
      <th>
        Okra
      </th>
      <th>
        81,291.45
      </th>
    </tr>
    <tr
      key="Onion"
    >
      <th>
        Onion
      </th>
      <th>
        65,034.28
      </th>
    </tr>
    <tr
      key="Oranges"
    >
      <th>
        Oranges
      </th>
      <th>
        31,813.74
      </th>
    </tr>
    <tr
      key="Papayas"
    >
      <th>
        Papayas
      </th>
      <th>
        70,029.06
      </th>
    </tr>
    <tr
      key="Parsnip"
    >
      <th>
        Parsnip
      </th>
      <th>
        73,705.37
      </th>
    </tr>
    <tr
      key="Passion Fruit"
    >
      <th>
        Passion Fruit
      </th>
      <th>
        56,960.64
      </th>
    </tr>
    <tr
      key="Peaches"
    >
      <th>
        Peaches
      </th>
      <th>
        40,782.06
      </th>
    </tr>
    <tr
      key="Pears"
    >
      <th>
        Pears
      </th>
      <th>
        28,020.90
      </th>
    </tr>
    <tr
      key="Peas"
    >
      <th>
        Peas
      </th>
      <th>
        65,892.00
      </th>
    </tr>
    <tr
      key="Peppers"
    >
      <th>
        Peppers
      </th>
      <th>
        34,934.93
      </th>
    </tr>
    <tr
      key="Persimmons"
    >
      <th>
        Persimmons
      </th>
      <th>
        77,241.46
      </th>
    </tr>
    <tr
      key="Pineapple"
    >
      <th>
        Pineapple
      </th>
      <th>
        77,516.16
      </th>
    </tr>
    <tr
      key="Plantains"
    >
      <th>
        Plantains
      </th>
      <th>
        36,013.94
      </th>
    </tr>
    <tr
      key="Plums"
    >
      <th>
        Plums
      </th>
      <th>
        48,976.20
      </th>
    </tr>
    <tr
      key="Pomegranate"
    >
      <th>
        Pomegranate
      </th>
      <th>
        45,569.93
      </th>
    </tr>
    <tr
      key="Potatoes"
    >
      <th>
        Potatoes
      </th>
      <th>
        40,984.50
      </th>
    </tr>
    <tr
      key="Prickly Pear"
    >
      <th>
        Prickly Pear
      </th>
      <th>
        52,363.51
      </th>
    </tr>
    <tr
      key="Prunes"
    >
      <th>
        Prunes
      </th>
      <th>
        31,367.70
      </th>
    </tr>
    <tr
      key="Pummelo"
    >
      <th>
        Pummelo
      </th>
      <th>
        81,562.44
      </th>
    </tr>
    <tr
      key="Pumpkin"
    >
      <th>
        Pumpkin
      </th>
      <th>
        26,897.96
      </th>
    </tr>
    <tr
      key="Quince"
    >
      <th>
        Quince
      </th>
      <th>
        58,104.02
      </th>
    </tr>
    <tr
      key="Radicchio"
    >
      <th>
        Radicchio
      </th>
      <th>
        55,904.07
      </th>
    </tr>
    <tr
      key="Radishes"
    >
      <th>
        Radishes
      </th>
      <th>
        130,508.52
      </th>
    </tr>
    <tr
      key="Raisins"
    >
      <th>
        Raisins
      </th>
      <th>
        21,612.69
      </th>
    </tr>
    <tr
      key="Raspberries"
    >
      <th>
        Raspberries
      </th>
      <th>
        10,774.94
      </th>
    </tr>
    <tr
      key="Red Cabbage"
    >
      <th>
        Red Cabbage
      </th>
      <th>
        47,231.20
      </th>
    </tr>
    <tr
      key="Rhubarb"
    >
      <th>
        Rhubarb
      </th>
      <th>
        32,086.60
      </th>
    </tr>
    <tr
      key="Romaine Lettuce"
    >
      <th>
        Romaine Lettuce
      </th>
      <th>
        143,328.00
      </th>
    </tr>
    <tr
      key="Rutabaga"
    >
      <th>
        Rutabaga
      </th>
      <th>
        63,114.32
      </th>
    </tr>
    <tr
      key="Shallots"
    >
      <th>
        Shallots
      </th>
      <th>
        26,674.77
      </th>
    </tr>
    <tr
      key="Snow Peas"
    >
      <th>
        Snow Peas
      </th>
      <th>
        43,412.07
      </th>
    </tr>
    <tr
      key="Spinach"
    >
      <th>
        Spinach
      </th>
      <th>
        75,612.96
      </th>
    </tr>
    <tr
      key="Sprouts"
    >
      <th>
        Sprouts
      </th>
      <th>
        92,032.20
      </th>
    </tr>
    <tr
      key="Squash"
    >
      <th>
        Squash
      </th>
      <th>
        37,160.00
      </th>
    </tr>
    <tr
      key="Strawberries"
    >
      <th>
        Strawberries
      </th>
      <th>
        46,184.18
      </th>
    </tr>
    <tr
      key="String Beans"
    >
      <th>
        String Beans
      </th>
      <th>
        78,576.82
      </th>
    </tr>
    <tr
      key="Sweet Potato"
    >
      <th>
        Sweet Potato
      </th>
      <th>
        114,384.00
      </th>
    </tr>
    <tr
      key="Tangelo"
    >
      <th>
        Tangelo
      </th>
      <th>
        56,560.35
      </th>
    </tr>
    <tr
      key="Tangerines"
    >
      <th>
        Tangerines
      </th>
      <th>
        116,362.96
      </th>
    </tr>
    <tr
      key="Tomatillo"
    >
      <th>
        Tomatillo
      </th>
      <th>
        22,489.74
      </th>
    </tr>
    <tr
      key="Tomato"
    >
      <th>
        Tomato
      </th>
      <th>
        37,336.14
      </th>
    </tr>
    <tr
      key="Turnip"
    >
      <th>
        Turnip
      </th>
      <th>
        52,526.76
      </th>
    </tr>
    <tr
      key="Ugli Fruit"
    >
      <th>
        Ugli Fruit
      </th>
      <th>
        31,482.10
      </th>
    </tr>
    <tr
      key="Water Chestnuts"
    >
      <th>
        Water Chestnuts
      </th>
      <th>
        19,877.70
      </th>
    </tr>
    <tr
      key="Watercress"
    >
      <th>
        Watercress
      </th>
      <th>
        57,840.66
      </th>
    </tr>
    <tr
      key="Watermelon"
    >
      <th>
        Watermelon
      </th>
      <th>
        65,825.76
      </th>
    </tr>
    <tr
      key="Waxed Beans"
    >
      <th>
        Waxed Beans
      </th>
      <th>
        22,706.64
      </th>
    </tr>
    <tr
      key="Yams"
    >
      <th>
        Yams
      </th>
      <th>
        60,014.10
      </th>
    </tr>
    <tr
      key="Yellow Squash"
    >
      <th>
        Yellow Squash
      </th>
      <th>
        103,712.84
      </th>
    </tr>
    <tr
      key="Yuca/Cassava"
    >
      <th>
        Yuca/Cassava
      </th>
      <th>
        158,199.56
      </th>
    </tr>
    <tr
      key="Zucchini Squash"
    >
      <th>
        Zucchini Squash
      </th>
      <th>
        37,822.88
      </th>
    </tr>
  </tbody>
  <tfoot>
    <tr>
      <td>
        Total
      </td>
      <td>
        6,942,569.52
      </td>
    </tr>
  </tfoot>
</table>
`;
